
> openhub@0.1.0 build
> next build

   ▲ Next.js 15.5.2
   - Environments: .env.local

   Creating an optimized production build ...
 ✓ Compiled successfully in 2.9s
   Linting and checking validity of types ...
node.exe :  ⨯ ESLint: nextVitals is not iterable
At line:1 char:1
+ & "C:\Program Files\nodejs/node.exe" "C:\Program Files\nodejs/node_mo ...
+ ~~~~~~~~~~~~~~~~~~~~~~~~~~~~~~~~~~~~~~~~~~~~~~~~~~~~~~~~~~~~~~~~~~~~~
    + CategoryInfo          : NotSpecified: ( ⨯ ESLint: nextVitals is not iterable:String) [], RemoteException
    + FullyQualifiedErrorId : NativeCommandError
 
   Collecting page data ...
 ⚠ Using edge runtime on a page currently disables static generation for that page
   Generating static pages (0/6) ...
   Generating static pages (1/6) 
   Generating static pages (2/6) 
   Generating static pages (4/6) 
 ✓ Generating static pages (6/6)
   Finalizing page optimization ...
   Collecting build traces ...

Route (app)                                 Size  First Load JS
┌ ○ /                                    5.44 kB         107 kB
├ ○ /_not-found                            992 B         103 kB
├ ƒ /[industry]                            830 B         110 kB
├ ƒ /[industry]/[scene]                    830 B         110 kB
├ ƒ /admin                                 181 B         110 kB
├ ƒ /admin/login                         2.25 kB         120 kB
├ ƒ /admin/project/[id]                  46.7 kB         168 kB
├ ƒ /api/admin/approve                     142 B         102 kB
├ ƒ /api/admin/login                       142 B         102 kB
├ ƒ /api/admin/reject                      142 B         102 kB
├ ƒ /api/search                            142 B         102 kB
├ ƒ /api/webhook/collect                   142 B         102 kB
├ ƒ /api/webhook/sync-stats                142 B         102 kB
├ ƒ /project/[slug]                        814 B         107 kB
├ ○ /robots.txt                            142 B         102 kB
├ ƒ /search                              2.52 kB         124 kB
└ ƒ /sitemap.xml                           142 B         102 kB
+ First Load JS shared by all             102 kB
  ├ chunks/255-e3bf15caf1f1e0f9.js       45.7 kB
  ├ chunks/4bd1b696-c023c6e3521b1417.js  54.2 kB
  └ other shared chunks (total)          2.02 kB


ƒ Middleware                               35 kB

○  (Static)   prerendered as static content
ƒ  (Dynamic)  server-rendered on demand

